MPASM  5.35                       COMMONS.ASM   6-12-2010  23:04:39         PAGE  1


LOC  OBJECT CODE     LINE SOURCE TEXT
  VALUE

                      00001 ;************************************************************************
                      00002 ;                                                                                                       
                                                                    *
                      00003 ;    Filename:  commons.asm                                                                             
                                            *
                      00004 ;    Date:      June 10, 2010                                                                           
                                            *
                      00005 ;    File Version:      0.0.4                                                                           
                                            *
                      00006 ;                                                                                                       
                                                                    *
                      00007 ;    Author: Daniele Costarella                                                                         
                                    *
                      00008 ;    Company:                                                                                           
                                                    *
                      00009 ;                                                                                                       
                                                                    * 
                      00010 ;                                                                                                       
                                                                    *
                      00011 ;************************************************************************
                      00012 
                      00013         list            p=16f877a
                      00014         #include        P16f877A.INC
                      00001         LIST
                      00002 ; P16F877A.INC  Standard Header File, Version 1.00    Microchip Technology, Inc.
                      00400         LIST
                      00015         radix           dec
                      00016         ErrorLevel      -302
                      00017         
                      00018 ; -------------------------------------------------------------------------
                      00019 ; File Register Assignment      
                      00020 ; -------------------------------------------------------------------------
                      00021 
                      00022 
                      00023                         UDATA
  0000000F            00024 delayCount      EQU                     15
0000                  00025 count           RES                     1
  000000F2            00026 index           EQU                     242                     ; init count var
0001                  00027 var                     RES                     1
0002                  00028 resconv         RES                     2                       ; resconv è il risultato di hexconv
0004                  00029 temp            RES                     1
                      00030 
                      00031 ;; multiplication 13x10 reserved bytes
0005                  00032 risultato24     RES                     3
0008                  00033 temp24          RES                     3                       ; shifted "quanto"
000B                  00034 contatore       RES                     1
000C                  00035 mol                     RES                     2
                      00036 
                      00037                         CODE
                      00038 
  0000                00039                 global  wait, delayLoop
  0000                00040                 global  hex2ascii
  0000                00041                 global  mul13x10
MPASM  5.35                       COMMONS.ASM   6-12-2010  23:04:39         PAGE  2


LOC  OBJECT CODE     LINE SOURCE TEXT
  VALUE

                      00042 
                      00043 ; -------------------------------------------------------------------------
                      00044 ; Delay Subroutines start here  
                      00045 ; -------------------------------------------------------------------------
                      00046 
                      00047 
0000                  00048 wait                                                            ; routine da adattare
0000   2???           00049          call   delayLoop                                               ; to call 15 times, worst case
0001   0B8F           00050          decfsz delayCount, f
0002   2???           00051          goto   wait
0003   0008           00052          return
                      00053 
                      00054  
0004                  00055 delayLoop                                                                               ; about 2ms dela
                            y
0004   0000           00056                 nop
0005   ???? ????      00057                 banksel count 
0007   30F2           00058                 movlw   index
0008   00??           00059                 movwf    count
0009   2???           00060                 CALL    delay
000A   0008           00061                 return
                      00062  
                      00063          
                      00064  
000B                  00065 delay
000B   0000           00066                 nop
000C   2???           00067                 goto    $+1
000D   2???           00068                 goto    $+1
000E   0B??           00069                 decfsz  count, f
000F   2???           00070                 goto    delay
0010   0008           00071                 return
                      00072 
                      00073 ; ******************************************************************
                      00074 ; A/D Converter Subroutines
                      00075 ; ******************************************************************
                      00076 
                      00077 
                      00078 ;
                      00079 ; Others
                      00080 ;
                      00081 
                      00082 
                      00083 ; ******************************************************************
                      00084 ; hex to ascii subroutine
                      00085 ; ******************************************************************
                      00086 
                      00087 
                      00088 ; converte un byte (2 esadecimali) nei corrispondenti caratteri ascii
                      00089 ; li memorizza nelle variabili consecutive resconv e resconv+1
                      00090 ; restituisce l'indirizzo di resconv nell'accomulatore
                      00091 
                      00092 ; USAGE:
                      00093 ; call  hex2ascii
MPASM  5.35                       COMMONS.ASM   6-12-2010  23:04:39         PAGE  3


LOC  OBJECT CODE     LINE SOURCE TEXT
  VALUE

                      00094 ; movwf FSR                             ; copia l'indirizzo dell'MSB nel FSR
                      00095 ; movfw INDF                    ; carico il contenuto nel working
                      00096 ; call  lcdWrite                ; write msb of hex number
                      00097 ; incf  FSR, f
                      00098 ; movfw INDF
                      00099 ; call  lcdWrite                ; write lsb of hex number
                      00100 ;
                      00101 ; ******************************************************************
                      00102  
0011                  00103 hex2ascii
0011   ???? ????      00104                 banksel var
0013   00??           00105                 movwf   var
0014   0E??           00106                 swapf   var, W                          
0015   390F           00107                 andlw   00001111B                               ; mask for the first hex
0016   3E30           00108                 addlw   H'30'
0017   ???? ????      00109                 banksel temp
0019   00??           00110                 movwf   temp
                      00111                 ;movwf   var                                    ; var contiene il carattere da stampare
001A   3C39           00112                 sublw   00111001B                               ; compare with 39h
001B   1C03           00113                 btfss   STATUS, 0                               ; check the carry flag --> result is gre
                            ater than 9 
001C   2???           00114                 call    add7                                    ; is A, B, C, D, E, F --> goto conv
001D   08??           00115                 movf    temp, W
001E   00??           00116                 movwf   resconv
                      00117                 ;return                                                 ; it will print only the msd cha
                            r
001F   08??           00118                 movf    var, W
0020   390F           00119                 andlw   00001111B                               ; mask for the second hex
0021   3E30           00120                 addlw   H'30'
0022   00??           00121                 movwf   temp
0023   3C39           00122                 sublw   H'39'                                   ; compare with 39h
0024   1C03           00123                 btfss   STATUS, 0
0025   2???           00124                 call    add7                                    ; is A, B, C, D, E, F --> goto conv
0026   08??           00125                 movf    temp, W
0027   00??           00126                 movwf   resconv+1
0028   30??           00127                 movlw   resconv                                 ; give to the main program the memory ad
                            dress of resconv var
0029   0008           00128                 return
002A                  00129 add7                                                                    ; convert to binary values > (su
                            m 7 to bin)
002A   08??           00130                 movf    temp, W
002B   3E07           00131                 addlw   00000111B                               ; sum 7 (the adj value is in W)
002C   00??           00132                 movwf   temp
002D   0008           00133                 return
                      00134 
                      00135 
                      00136 
                      00137 ; -------------------------------------------------------------------------     ;
                      00138 ;                                               MULTIPLICATION 13x10                                    
                                            ;
                      00139 ; -------------------------------------------------------------------------     ;
                      00140 ; moltiplica mol:mol+1 con 4883 (00010011 00010011) che è la risoluzione dell'AD Conv
                      00141 ;
MPASM  5.35                       COMMONS.ASM   6-12-2010  23:04:39         PAGE  4


LOC  OBJECT CODE     LINE SOURCE TEXT
  VALUE

                      00142 ; 'mul13x10' restituisce l'indirizzo di risultato24
                      00143 ; Il risultato è disponibile con indirizzamento indiretto
002E                  00144 mul13x10
002E   1683 1303      00145         banksel ADRESL
0030   081E           00146         movf    ADRESL, W
                      00147         ;movlw  0xff
                      00148         ;movlw  10101110B       ;test ADRESL
0031   ???? ????      00149         banksel mol
0033   00??           00150         movwf   mol+1           ;test
0034   1283 1303      00151         banksel ADRESH
0036   081E           00152         movf    ADRESL, W
                      00153         ;movlw  00000011B       ;test ADRESH
                      00154         ;movlw  0x03
0037   ???? ????      00155         banksel mol
0039   00??           00156         movwf   mol
                      00157         
003A   ???? ????      00158         banksel risultato24
                      00159         ; initialization
003C   01??           00160         clrf    risultato24                     ;msb
003D   01??           00161         clrf    risultato24+1
003E   01??           00162         clrf    risultato24+2           ;lsb
                      00163 
003F   3013           00164         movlw   00010011B
0040   00??           00165         movwf   temp24+2
                      00166         ;movlw  10011B                          ; it's the same :)
0041   00??           00167         movwf   temp24+1
0042   01??           00168         clrf    temp24
                      00169         
0043   300A           00170         movlw   10
0044   00??           00171         movwf   contatore
                      00172 
0045                  00173 loop
Message[305]: Using default destination of 1 (file).
0045   0C??           00174         rrf             mol
Message[305]: Using default destination of 1 (file).
0046   0C??           00175         rrf             mol+1
0047   1803           00176         btfsc   STATUS, C
0048   2???           00177         call    addizione                       ;risultato24 = risultato24_old + temp24
                      00178 
0049   1003           00179         bcf             STATUS, C
Message[305]: Using default destination of 1 (file).
004A   0D??           00180         rlf             temp24+2
Message[305]: Using default destination of 1 (file).
004B   0D??           00181         rlf             temp24+1
Message[305]: Using default destination of 1 (file).
004C   0D??           00182         rlf             temp24
Message[305]: Using default destination of 1 (file).
004D   0B??           00183         decfsz  contatore
004E   2???           00184         goto    loop
004F   30??           00185         movlw   risultato24                     ; restituisce l'indirizzo dell'MSB della stringa convert
                            ita in Volt
                      00186         ;goto $                                         ; 'risultato24' contiene il valore convertito
0050   0008           00187         return
MPASM  5.35                       COMMONS.ASM   6-12-2010  23:04:39         PAGE  5


LOC  OBJECT CODE     LINE SOURCE TEXT
  VALUE

                      00188 
0051                  00189 addizione
0051   08??           00190         movfw   risultato24+2           ; lsb in wreg
0052   07??           00191         addwf   temp24+2, W                     ; carry?
0053   00??           00192         movwf   risultato24+2           ; salviamo l'lsb
                      00193 
0054   08??           00194         movfw   risultato24+1           ; msb in wreg
0055   1803           00195         btfsc   STATUS, C                       
0056   3E01           00196         addlw   1                       
0057   07??           00197         addwf   temp24+1, W
0058   00??           00198         movwf   risultato24+1           ; saving the msb
                      00199 
0059   08??           00200         movfw   risultato24
005A   1803           00201         btfsc   STATUS, C
005B   3E01           00202         addlw   1
                      00203         ;incf   W, W
005C   07??           00204         addwf   temp24, W
005D   00??           00205         movwf   risultato24
005E   0008           00206         return
                      00207 
                      00208                 END
MPASM  5.35                       COMMONS.ASM   6-12-2010  23:04:39         PAGE  6


SYMBOL TABLE
  LABEL                             VALUE 

ACKDT                             00000005
ACKEN                             00000004
ACKSTAT                           00000006
ADCON0                            0000001F
ADCON1                            0000009F
ADCS0                             00000006
ADCS1                             00000007
ADCS2                             00000006
ADDEN                             00000003
ADFM                              00000007
ADIE                              00000006
ADIF                              00000006
ADON                              00000000
ADRESH                            0000001E
ADRESL                            0000009E
BCLIE                             00000003
BCLIF                             00000003
BF                                00000000
BRGH                              00000002
C                                 00000000
C1INV                             00000004
C1OUT                             00000006
C2INV                             00000005
C2OUT                             00000007
CCP1CON                           00000017
CCP1IE                            00000002
CCP1IF                            00000002
CCP1M0                            00000000
CCP1M1                            00000001
CCP1M2                            00000002
CCP1M3                            00000003
CCP1X                             00000005
CCP1Y                             00000004
CCP2CON                           0000001D
CCP2IE                            00000000
CCP2IF                            00000000
CCP2M0                            00000000
CCP2M1                            00000001
CCP2M2                            00000002
CCP2M3                            00000003
CCP2X                             00000005
CCP2Y                             00000004
CCPR1H                            00000016
CCPR1L                            00000015
CCPR2H                            0000001C
CCPR2L                            0000001B
CHS0                              00000003
CHS1                              00000004
CHS2                              00000005
CIS                               00000003
CKE                               00000006
CKP                               00000004
CM0                               00000000
MPASM  5.35                       COMMONS.ASM   6-12-2010  23:04:39         PAGE  7


SYMBOL TABLE
  LABEL                             VALUE 

CM1                               00000001
CM2                               00000002
CMCON                             0000009C
CMIE                              00000006
CMIF                              00000006
CREN                              00000004
CSRC                              00000007
CVR0                              00000000
CVR1                              00000001
CVR2                              00000002
CVR3                              00000003
CVRCON                            0000009D
CVREN                             00000007
CVROE                             00000006
CVRR                              00000005
D                                 00000005
DATA_ADDRESS                      00000005
DC                                00000001
D_A                               00000005
EEADR                             0000010D
EEADRH                            0000010F
EECON1                            0000018C
EECON2                            0000018D
EEDATA                            0000010C
EEDATH                            0000010E
EEIE                              00000004
EEIF                              00000004
EEPGD                             00000007
F                                 00000001
FERR                              00000002
FSR                               00000004
GCEN                              00000007
GIE                               00000007
GO                                00000002
GO_DONE                           00000002
I2C_DATA                          00000005
I2C_READ                          00000002
I2C_START                         00000003
I2C_STOP                          00000004
IBF                               00000007
IBOV                              00000005
INDF                              00000000
INTCON                            0000000B
INTE                              00000004
INTEDG                            00000006
INTF                              00000001
IRP                               00000007
NOT_A                             00000005
NOT_ADDRESS                       00000005
NOT_BO                            00000000
NOT_BOR                           00000000
NOT_DONE                          00000002
NOT_PD                            00000003
MPASM  5.35                       COMMONS.ASM   6-12-2010  23:04:39         PAGE  8


SYMBOL TABLE
  LABEL                             VALUE 

NOT_POR                           00000001
NOT_RBPU                          00000007
NOT_RC8                           00000006
NOT_T1SYNC                        00000002
NOT_TO                            00000004
NOT_TX8                           00000006
NOT_W                             00000002
NOT_WRITE                         00000002
OBF                               00000006
OERR                              00000001
OPTION_REG                        00000081
P                                 00000004
PCFG0                             00000000
PCFG1                             00000001
PCFG2                             00000002
PCFG3                             00000003
PCL                               00000002
PCLATH                            0000000A
PCON                              0000008E
PEIE                              00000006
PEN                               00000002
PIE1                              0000008C
PIE2                              0000008D
PIR1                              0000000C
PIR2                              0000000D
PORTA                             00000005
PORTB                             00000006
PORTC                             00000007
PORTD                             00000008
PORTE                             00000009
PR2                               00000092
PS0                               00000000
PS1                               00000001
PS2                               00000002
PSA                               00000003
PSPIE                             00000007
PSPIF                             00000007
PSPMODE                           00000004
R                                 00000002
RBIE                              00000003
RBIF                              00000000
RC8_9                             00000006
RC9                               00000006
RCD8                              00000000
RCEN                              00000003
RCIE                              00000005
RCIF                              00000005
RCREG                             0000001A
RCSTA                             00000018
RD                                00000000
READ_WRITE                        00000002
RP0                               00000005
RP1                               00000006
MPASM  5.35                       COMMONS.ASM   6-12-2010  23:04:39         PAGE  9


SYMBOL TABLE
  LABEL                             VALUE 

RSEN                              00000001
RX9                               00000006
RX9D                              00000000
R_W                               00000002
S                                 00000003
SEN                               00000000
SMP                               00000007
SPBRG                             00000099
SPEN                              00000007
SREN                              00000005
SSPADD                            00000093
SSPBUF                            00000013
SSPCON                            00000014
SSPCON2                           00000091
SSPEN                             00000005
SSPIE                             00000003
SSPIF                             00000003
SSPM0                             00000000
SSPM1                             00000001
SSPM2                             00000002
SSPM3                             00000003
SSPOV                             00000006
SSPSTAT                           00000094
STATUS                            00000003
SYNC                              00000004
T0CS                              00000005
T0IE                              00000005
T0IF                              00000002
T0SE                              00000004
T1CKPS0                           00000004
T1CKPS1                           00000005
T1CON                             00000010
T1INSYNC                          00000002
T1OSCEN                           00000003
T1SYNC                            00000002
T2CKPS0                           00000000
T2CKPS1                           00000001
T2CON                             00000012
TMR0                              00000001
TMR0IE                            00000005
TMR0IF                            00000002
TMR1CS                            00000001
TMR1H                             0000000F
TMR1IE                            00000000
TMR1IF                            00000000
TMR1L                             0000000E
TMR1ON                            00000000
TMR2                              00000011
TMR2IE                            00000001
TMR2IF                            00000001
TMR2ON                            00000002
TOUTPS0                           00000003
TOUTPS1                           00000004
MPASM  5.35                       COMMONS.ASM   6-12-2010  23:04:39         PAGE 10


SYMBOL TABLE
  LABEL                             VALUE 

TOUTPS2                           00000005
TOUTPS3                           00000006
TRISA                             00000085
TRISB                             00000086
TRISC                             00000087
TRISD                             00000088
TRISE                             00000089
TRISE0                            00000000
TRISE1                            00000001
TRISE2                            00000002
TRMT                              00000001
TX8_9                             00000006
TX9                               00000006
TX9D                              00000000
TXD8                              00000000
TXEN                              00000005
TXIE                              00000004
TXIF                              00000004
TXREG                             00000019
TXSTA                             00000098
UA                                00000001
W                                 00000000
WCOL                              00000007
WR                                00000001
WREN                              00000002
WRERR                             00000003
Z                                 00000002
_.code_000C                       0000000C
_.code_000D                       0000000D
_BODEN_OFF                        00003FBF
_BODEN_ON                         00003FFF
_CPD_OFF                          00003FFF
_CPD_ON                           00003EFF
_CP_ALL                           00001FFF
_CP_OFF                           00003FFF
_DEBUG_OFF                        00003FFF
_DEBUG_ON                         000037FF
_HS_OSC                           00003FFE
_LP_OSC                           00003FFC
_LVP_OFF                          00003F7F
_LVP_ON                           00003FFF
_PWRTE_OFF                        00003FFF
_PWRTE_ON                         00003FF7
_RC_OSC                           00003FFF
_WDT_OFF                          00003FFB
_WDT_ON                           00003FFF
_WRT_1FOURTH                      00003BFF
_WRT_256                          00003DFF
_WRT_HALF                         000039FF
_WRT_OFF                          00003FFF
_XT_OSC                           00003FFD
__16F877A                         00000001
add7                              0000002A
MPASM  5.35                       COMMONS.ASM   6-12-2010  23:04:39         PAGE 11


SYMBOL TABLE
  LABEL                             VALUE 

addizione                         00000051
contatore                         0000000B
count                             00000000
delay                             0000000B
delayCount                        0000000F
delayLoop                         00000004
hex2ascii                         00000011
index                             000000F2
loop                              00000045
mol                               0000000C
mul13x10                          0000002E
resconv                           00000002
risultato24                       00000005
temp                              00000004
temp24                            00000008
var                               00000001
wait                              00000000

Errors   :     0
Warnings :     0 reported,     0 suppressed
Messages :     6 reported,     2 suppressed

