MPASM  5.35                       LCDCTRL.ASM   6-12-2010  23:04:41         PAGE  1


LOC  OBJECT CODE     LINE SOURCE TEXT
  VALUE

                      00001 ;************************************************************************
                      00002 ;                                                                                                       
                                                                    *
                      00003 ;    Filename:  lcdctlr.asm                                                                             
                                            *
                      00004 ;    Date:      June 10, 2010                                                                           
                                            *
                      00005 ;    File Version:      1.0.1                                                                           
                                            *
                      00006 ;                                                                                                       
                                                                    *
                      00007 ;    Author: Daniele Costarella                                                                         
                                    *
                      00008 ;                                                                                                       
                                                            *
                      00009 ;                                                                                                       
                                                                    * 
                      00010 ;                                                                                                       
                                                                    *
                      00011 ;************************************************************************
                      00012 
                      00013 
                      00014         list            p=16f877a
                      00015         #include        P16f877A.INC
                      00001         LIST
                      00002 ; P16F877A.INC  Standard Header File, Version 1.00    Microchip Technology, Inc.
                      00400         LIST
                      00016         radix           dec
                      00017         ErrorLevel      -302
                      00018 
                      00019 
                      00020 ; -------------------------------------------------------------------------
                      00021 ; File Register Assignment      
                      00022 ; -------------------------------------------------------------------------
                      00023 
                      00024                         UDATA
0000                  00025 char            RES                     1
0001                  00026 point2Char      RES                     1
0002                  00027 temp            RES                     1
                      00028 
                      00029 
                      00030 
                      00031 #define         EN                      6                       ; PORTD enable pin for Hitachi
                      00032 
                      00033                         CODE
                      00034 
  0000                00035                         global  lcdInit, lcdWrite, waitBusyFlag, setXAddress, printString
  0000                00036                         global  return2home, lcdClear, lcdRxShift
  0000                00037                         extern delayLoop, wait  
                      00038 
                      00039 
                      00040 ; -------------------------------------------------------------------------     ;
                      00041 ;      *****************  LCD Control for HITACHI  *****************            ;
MPASM  5.35                       LCDCTRL.ASM   6-12-2010  23:04:41         PAGE  2


LOC  OBJECT CODE     LINE SOURCE TEXT
  VALUE

                      00042 ; -------------------------------------------------------------------------     ;
                      00043 
                      00044 
                      00045 ; ******************************************************************
                      00046 ; LCD Initialization for Hitachi SubRoutine
                      00047 ; ******************************************************************
0000                  00048 lcdInit
0000   1683 1303      00049                 banksel TRISD
0002   0188           00050                 clrf    TRISD                                                   ;sets all bits as output
0003   1283 1303      00051                 banksel PORTD
0005   1788           00052                 bsf     PORTD, 7                                                ;power supply to lcd
0006   2???           00053                 call    wait
0007   3083           00054                 MOVLW   10000011B                                               ;function set
0008   0088           00055                 MOVWF   PORTD
0009   2???           00056                 call    clockCycle
000A   2???           00057                 call    delayLoop
000B   2???           00058                 call    delayLoop
000C   2???           00059                 call    delayLoop   
000D   2???           00060                 call    clockCycle 
000E   2???           00061                 call    delayLoop
000F   2???           00062                 call    clockCycle
0010   2???           00063                 call    delayLoop
                      00064          
                      00065                 ;start function set
0011   3082           00066                 MOVLW   10000010B                                               ;parte piu' significativ
                            a per 4 bit
0012   0088           00067                 MOVWF   PORTD
0013   2???           00068                 call    clockCycle
0014   2???           00069                 call    delayLoop
                      00070 
0015   3082           00071                 MOVLW   10000010B                                               ;parte piu' significativ
                            a 2nd time
0016   0088           00072                 MOVWF   PORTD
0017   2???           00073                 call    clockCycle
0018   2???           00074                 call    delayLoop
0019   3084           00075                 MOVLW   10000100B                                               ;LSB with N=0 (1 line) F
                             =1 (font 1)
001A   0088           00076                 MOVWF   PORTD
001B   2???           00077                 call    clockCycle
001C   2???           00078                 call    delayLoop
                      00079 
                      00080                 ; Display off
                      00081                 ;MOVLW  10000000B
                      00082                 ;MOVWF  PORTD
                      00083                 ;call   clockCycle
                      00084                 ;call   delayLoop
                      00085                 ;MOVLW  10001000B
                      00086                 ;;MOVLW 10001110B
                      00087                 ;MOVWF  PORTD
                      00088                 ;call   clockCycle
                      00089                 ;call   delayLoop
                      00090  
                      00091                 ; Display Clear
MPASM  5.35                       LCDCTRL.ASM   6-12-2010  23:04:41         PAGE  3


LOC  OBJECT CODE     LINE SOURCE TEXT
  VALUE

001D   3080           00092                 MOVLW   10000000B
001E   0088           00093                 MOVWF   PORTD
001F   2???           00094                 call    clockCycle
0020   2???           00095                 call    delayLoop
0021   3081           00096                 MOVLW   10000001B
0022   0088           00097                 MOVWF   PORTD
0023   2???           00098                 call    clockCycle
0024   2???           00099                 call    delayLoop
                      00100  
                      00101                 ; Entry mode set
0025   3080           00102                 MOVLW   10000000B
0026   0088           00103                 MOVWF   PORTD
0027   2???           00104                 call    clockCycle
0028   2???           00105                 call    delayLoop
0029   3086           00106                 MOVLW   10000110B
002A   0088           00107                 MOVWF   PORTD
002B   2???           00108                 call    clockCycle
002C   2???           00109                 call    delayLoop
                      00110          
                      00111                 ; Display On
002D   3080           00112                 MOVLW   10000000B
002E   0088           00113                 MOVWF   PORTD
002F   2???           00114                 call    clockCycle
0030   2???           00115                 call    delayLoop
0031   308C           00116                 MOVLW   10001100B                                               ; turns off the cursor (
                            10001110 for cursor on)
0032   0088           00117                 MOVWF   PORTD
0033   2???           00118                 call    clockCycle
0034   2???           00119                 call    delayLoop
0035   0008           00120                 return
                      00121 
0036                  00122 lcdClear
                      00123                 ;call   waitBusyFlag
0036   2???           00124                 call    delayLoop
0037   3080           00125                 MOVLW   10000000B
0038   0088           00126                 MOVWF   PORTD
0039   2???           00127                 call    clockCycle
003A   2???           00128                 call    delayLoop
003B   3081           00129                 MOVLW   10000001B
003C   0088           00130                 MOVWF   PORTD
003D   2???           00131                 call    clockCycle
003E   2???           00132                 call    delayLoop
003F   0008           00133                 return
                      00134 
0040                  00135 lcdRxShift
0040   2???           00136                 call    delayLoop
0041   3081           00137                 MOVLW   10000001B
0042   0088           00138                 MOVWF   PORTD
0043   2???           00139                 call    clockCycle
0044   2???           00140                 call    delayLoop
0045   3088           00141                 MOVLW   10001000B
0046   0088           00142                 MOVWF   PORTD
0047   2???           00143                 call    clockCycle
MPASM  5.35                       LCDCTRL.ASM   6-12-2010  23:04:41         PAGE  4


LOC  OBJECT CODE     LINE SOURCE TEXT
  VALUE

0048   2???           00144                 call    delayLoop
0049   0008           00145                 return
                      00146 
                      00147 
                      00148 ; ******************************************************************
                      00149 ; check if the display is ready
                      00150 ; ******************************************************************
004A                  00151 waitBusyFlag
004A   1683 1303      00152         BANKSEL TRISD
004C   300F           00153                 MOVLW   00001111B                                               ; mask for TRISD
004D   0088           00154                 MOVWF   TRISD
004E   1283 1303      00155                 BANKSEL PORTD
0050   1208           00156                 BCF     PORTD, 4                                                ; sets RS low (command m
                            ode)
0051   1688           00157                 BSF             PORTD, 5                                                ; write mode
                      00158 
                      00159                 ;clrf   count1
                      00160                 ;MOVWF  count1
                      00161                 
0052                  00162 waitBF
                      00163 
0052   1708           00164                 bsf     PORTD, EN                                               ; set enable high
0053   1D88           00165                 BTFSS   PORTD, 3                                                ; busy flag bit: 1 = bus
                            y
0054   2???           00166                 goto    exit
0055   1308           00167                 bcf     PORTD, EN                                               ; set enable low
0056   2???           00168                 call    clockCycle                                              ; LS nibble reading (dum
                            my)
0057   2???           00169                 goto    waitBF
0058                  00170 exit
0058   1308           00171                 bcf     PORTD, EN
0059   2???           00172                 call    clockCycle                                              ; LS nibble reading (dum
                            my)
005A   1683 1303      00173                 BANKSEL TRISD
005C   0188           00174                 CLRF    TRISD
005D   1283 1303      00175                 BANKSEL PORTD
005F   0008           00176                 return
                      00177 
0060                  00178 return2home                                                                             ; DEPRECATED. Us
                            e setXAddress instead of this
                      00179                 ; return to home
0060   2???           00180                 call    waitBusyFlag
0061   2???           00181                 call    delayLoop
0062   2???           00182                 call    delayLoop
0063   3080           00183                 MOVLW   10000000B
0064   0088           00184                 MOVWF   PORTD
0065   2???           00185                 call    clockCycle
0066   3082           00186                 MOVLW   10000010B
0067   0088           00187                 MOVWF   PORTD
0068   2???           00188                 call    clockCycle
0069   2???           00189                 call    delayLoop
006A   2???           00190                 call    delayLoop
                      00191                 ;call   wait
MPASM  5.35                       LCDCTRL.ASM   6-12-2010  23:04:41         PAGE  5


LOC  OBJECT CODE     LINE SOURCE TEXT
  VALUE

006B   0008           00192                 return
                      00193 
                      00194 
                      00195 ; Set cursor position on the lcd
006C                  00196 setXAddress
006C   ???? ????      00197                 banksel temp
006E   00??           00198                 movwf   temp                                    ; store dd address
006F   2???           00199                 call    delayLoop
                      00200                 ;call   waitBusyFlag
0070   0E??           00201                 swapf   temp, W
0071   390F           00202                 andlw   0x0F
0072   3888           00203                 iorlw   0x88                                    ; set power supply on and DB7 high
                      00204                 ;movlw  10001000B
0073   1283 1303      00205                 banksel PORTD
0075   0088           00206                 movwf   PORTD
0076   2???           00207                 call    clockCycle
0077   ???? ????      00208                 banksel temp
0079   08??           00209                 movfw   temp
007A   390F           00210                 andlw   0x0F
007B   3880           00211                 iorlw   0x80
                      00212                 ;movlw  10000011B
007C   1283 1303      00213                 banksel PORTD
007E   0088           00214                 movwf   PORTD
007F   2???           00215                 call    clockCycle
0080   0008           00216                 return
                      00217 
                      00218 
                      00219 ; Example of use of lcdWrite
                      00220 ; movlw 'D'
                      00221 ; call lcdWrite
0081                  00222 lcdWrite 
0081   00??           00223                 MOVWF   char
0082   2???           00224                 call    waitBusyFlag
                      00225                 ;call   delayLoop
0083   0E??           00226                 SWAPF   char, W
0084   390F           00227                 ANDLW   00001111B
0085   3890           00228                 IORLW   10010000B
0086   0088           00229         MOVWF   PORTD
0087   2???           00230                 call    clockCycle
                      00231                 ;call   delayLoop
0088   2???           00232                 call    waitBusyFlag
0089   08??           00233                 MOVF    char, W
008A   390F           00234         ANDLW   00001111B
008B   3890           00235         IORLW   10010000B
008C   0088           00236                 MOVWF   PORTD
008D   2???           00237                 CALL    clockCycle
                      00238                 ;call   delayLoop
008E   2???           00239                 call    waitBusyFlag
008F   0008           00240                 return
                      00241 
0090                  00242 printString
0090   00??           00243                 movwf   point2Char
                      00244         
MPASM  5.35                       LCDCTRL.ASM   6-12-2010  23:04:41         PAGE  6


LOC  OBJECT CODE     LINE SOURCE TEXT
  VALUE

0091   2???           00245                 call    nextChar
0092   3800           00246                 IORLW   0
0093   1903           00247                 BTFSC   STATUS, Z
0094   0008           00248                 return
0095   2???           00249                 call    lcdWrite
                      00250                 
0096   0A??           00251                 incf    point2Char, f
                      00252                 
0097   2???           00253                 goto    printString + 1
                      00254                 
                      00255 
0098                  00256 nextChar
0098   08??           00257                 movfw   point2Char
0099   0082           00258                 movwf   PCL
009A   2???           00259                 call    delayLoop
009B   0008           00260                 return
                      00261 
                      00262 
009C                  00263 lcdDemo1
009C   2???           00264                 call    lcdClear
                      00265                 
009D   3048           00266                 movlw   'H'
009E   2???           00267                 call    lcdWrite
                      00268 
009F   3065           00269                 movlw   'e'
00A0   2???           00270                 call    lcdWrite
                      00271 
00A1   306C           00272                 movlw   'l'
00A2   2???           00273                 call    lcdWrite
                      00274 
00A3   306C           00275                 movlw   'l'
00A4   2???           00276                 call    lcdWrite
                      00277 
00A5   306F           00278                 movlw   'o'
00A6   2???           00279                 call    lcdWrite
                      00280 
00A7   3020           00281                 movlw   ' '
00A8   2???           00282                 call    lcdWrite
                      00283 
00A9   3050           00284                 movlw   'P'
00AA   2???           00285                 call    lcdWrite
                      00286 
00AB   3049           00287                 movlw   'I'
00AC   2???           00288                 call    lcdWrite
                      00289 
00AD   3043           00290                 movlw   'C'
00AE   2???           00291                 call    lcdWrite
                      00292                  
00AF   3020           00293                 movlw   ' '
00B0   2???           00294                 call    lcdWrite
                      00295                  
00B1   3020           00296                 movlw   ' '
00B2   2???           00297                 call    lcdWrite
MPASM  5.35                       LCDCTRL.ASM   6-12-2010  23:04:41         PAGE  7


LOC  OBJECT CODE     LINE SOURCE TEXT
  VALUE

                      00298                  
00B3   3020           00299                 movlw   ' '
00B4   2???           00300                 call    lcdWrite
                      00301                  
00B5   3020           00302                 movlw   ' '
00B6   2???           00303                 call    lcdWrite
                      00304                  
00B7   3020           00305                 movlw   ' '
00B8   2???           00306                 call    lcdWrite
                      00307                  
00B9   3020           00308                 movlw   ' '
00BA   2???           00309                 call    lcdWrite
                      00310                  
00BB   3020           00311                 movlw   ' '
00BC   2???           00312                 call    lcdWrite
                      00313                  
00BD   3021           00314                 movlw   '!'
00BE   2???           00315                 call lcdWrite           
                      00316 
                      00317 
00BF                  00318 clockCycle
00BF   1708           00319                 bsf PORTD, EN
00C0   0000           00320                 nop
00C1   1308           00321                 bcf PORTD, EN
00C2   0008           00322                 return          
                      00323 
                      00324 
                      00325                 END
MPASM  5.35                       LCDCTRL.ASM   6-12-2010  23:04:41         PAGE  8


SYMBOL TABLE
  LABEL                             VALUE 

ACKDT                             00000005
ACKEN                             00000004
ACKSTAT                           00000006
ADCON0                            0000001F
ADCON1                            0000009F
ADCS0                             00000006
ADCS1                             00000007
ADCS2                             00000006
ADDEN                             00000003
ADFM                              00000007
ADIE                              00000006
ADIF                              00000006
ADON                              00000000
ADRESH                            0000001E
ADRESL                            0000009E
BCLIE                             00000003
BCLIF                             00000003
BF                                00000000
BRGH                              00000002
C                                 00000000
C1INV                             00000004
C1OUT                             00000006
C2INV                             00000005
C2OUT                             00000007
CCP1CON                           00000017
CCP1IE                            00000002
CCP1IF                            00000002
CCP1M0                            00000000
CCP1M1                            00000001
CCP1M2                            00000002
CCP1M3                            00000003
CCP1X                             00000005
CCP1Y                             00000004
CCP2CON                           0000001D
CCP2IE                            00000000
CCP2IF                            00000000
CCP2M0                            00000000
CCP2M1                            00000001
CCP2M2                            00000002
CCP2M3                            00000003
CCP2X                             00000005
CCP2Y                             00000004
CCPR1H                            00000016
CCPR1L                            00000015
CCPR2H                            0000001C
CCPR2L                            0000001B
CHS0                              00000003
CHS1                              00000004
CHS2                              00000005
CIS                               00000003
CKE                               00000006
CKP                               00000004
CM0                               00000000
MPASM  5.35                       LCDCTRL.ASM   6-12-2010  23:04:41         PAGE  9


SYMBOL TABLE
  LABEL                             VALUE 

CM1                               00000001
CM2                               00000002
CMCON                             0000009C
CMIE                              00000006
CMIF                              00000006
CREN                              00000004
CSRC                              00000007
CVR0                              00000000
CVR1                              00000001
CVR2                              00000002
CVR3                              00000003
CVRCON                            0000009D
CVREN                             00000007
CVROE                             00000006
CVRR                              00000005
D                                 00000005
DATA_ADDRESS                      00000005
DC                                00000001
D_A                               00000005
EEADR                             0000010D
EEADRH                            0000010F
EECON1                            0000018C
EECON2                            0000018D
EEDATA                            0000010C
EEDATH                            0000010E
EEIE                              00000004
EEIF                              00000004
EEPGD                             00000007
EN                                6
F                                 00000001
FERR                              00000002
FSR                               00000004
GCEN                              00000007
GIE                               00000007
GO                                00000002
GO_DONE                           00000002
I2C_DATA                          00000005
I2C_READ                          00000002
I2C_START                         00000003
I2C_STOP                          00000004
IBF                               00000007
IBOV                              00000005
INDF                              00000000
INTCON                            0000000B
INTE                              00000004
INTEDG                            00000006
INTF                              00000001
IRP                               00000007
NOT_A                             00000005
NOT_ADDRESS                       00000005
NOT_BO                            00000000
NOT_BOR                           00000000
NOT_DONE                          00000002
MPASM  5.35                       LCDCTRL.ASM   6-12-2010  23:04:41         PAGE 10


SYMBOL TABLE
  LABEL                             VALUE 

NOT_PD                            00000003
NOT_POR                           00000001
NOT_RBPU                          00000007
NOT_RC8                           00000006
NOT_T1SYNC                        00000002
NOT_TO                            00000004
NOT_TX8                           00000006
NOT_W                             00000002
NOT_WRITE                         00000002
OBF                               00000006
OERR                              00000001
OPTION_REG                        00000081
P                                 00000004
PCFG0                             00000000
PCFG1                             00000001
PCFG2                             00000002
PCFG3                             00000003
PCL                               00000002
PCLATH                            0000000A
PCON                              0000008E
PEIE                              00000006
PEN                               00000002
PIE1                              0000008C
PIE2                              0000008D
PIR1                              0000000C
PIR2                              0000000D
PORTA                             00000005
PORTB                             00000006
PORTC                             00000007
PORTD                             00000008
PORTE                             00000009
PR2                               00000092
PS0                               00000000
PS1                               00000001
PS2                               00000002
PSA                               00000003
PSPIE                             00000007
PSPIF                             00000007
PSPMODE                           00000004
R                                 00000002
RBIE                              00000003
RBIF                              00000000
RC8_9                             00000006
RC9                               00000006
RCD8                              00000000
RCEN                              00000003
RCIE                              00000005
RCIF                              00000005
RCREG                             0000001A
RCSTA                             00000018
RD                                00000000
READ_WRITE                        00000002
RP0                               00000005
MPASM  5.35                       LCDCTRL.ASM   6-12-2010  23:04:41         PAGE 11


SYMBOL TABLE
  LABEL                             VALUE 

RP1                               00000006
RSEN                              00000001
RX9                               00000006
RX9D                              00000000
R_W                               00000002
S                                 00000003
SEN                               00000000
SMP                               00000007
SPBRG                             00000099
SPEN                              00000007
SREN                              00000005
SSPADD                            00000093
SSPBUF                            00000013
SSPCON                            00000014
SSPCON2                           00000091
SSPEN                             00000005
SSPIE                             00000003
SSPIF                             00000003
SSPM0                             00000000
SSPM1                             00000001
SSPM2                             00000002
SSPM3                             00000003
SSPOV                             00000006
SSPSTAT                           00000094
STATUS                            00000003
SYNC                              00000004
T0CS                              00000005
T0IE                              00000005
T0IF                              00000002
T0SE                              00000004
T1CKPS0                           00000004
T1CKPS1                           00000005
T1CON                             00000010
T1INSYNC                          00000002
T1OSCEN                           00000003
T1SYNC                            00000002
T2CKPS0                           00000000
T2CKPS1                           00000001
T2CON                             00000012
TMR0                              00000001
TMR0IE                            00000005
TMR0IF                            00000002
TMR1CS                            00000001
TMR1H                             0000000F
TMR1IE                            00000000
TMR1IF                            00000000
TMR1L                             0000000E
TMR1ON                            00000000
TMR2                              00000011
TMR2IE                            00000001
TMR2IF                            00000001
TMR2ON                            00000002
TOUTPS0                           00000003
MPASM  5.35                       LCDCTRL.ASM   6-12-2010  23:04:41         PAGE 12


SYMBOL TABLE
  LABEL                             VALUE 

TOUTPS1                           00000004
TOUTPS2                           00000005
TOUTPS3                           00000006
TRISA                             00000085
TRISB                             00000086
TRISC                             00000087
TRISD                             00000088
TRISE                             00000089
TRISE0                            00000000
TRISE1                            00000001
TRISE2                            00000002
TRMT                              00000001
TX8_9                             00000006
TX9                               00000006
TX9D                              00000000
TXD8                              00000000
TXEN                              00000005
TXIE                              00000004
TXIF                              00000004
TXREG                             00000019
TXSTA                             00000098
UA                                00000001
W                                 00000000
WCOL                              00000007
WR                                00000001
WREN                              00000002
WRERR                             00000003
Z                                 00000002
_BODEN_OFF                        00003FBF
_BODEN_ON                         00003FFF
_CPD_OFF                          00003FFF
_CPD_ON                           00003EFF
_CP_ALL                           00001FFF
_CP_OFF                           00003FFF
_DEBUG_OFF                        00003FFF
_DEBUG_ON                         000037FF
_HS_OSC                           00003FFE
_LP_OSC                           00003FFC
_LVP_OFF                          00003F7F
_LVP_ON                           00003FFF
_PWRTE_OFF                        00003FFF
_PWRTE_ON                         00003FF7
_RC_OSC                           00003FFF
_WDT_OFF                          00003FFB
_WDT_ON                           00003FFF
_WRT_1FOURTH                      00003BFF
_WRT_256                          00003DFF
_WRT_HALF                         000039FF
_WRT_OFF                          00003FFF
_XT_OSC                           00003FFD
__16F877A                         00000001
char                              00000000
clockCycle                        000000BF
MPASM  5.35                       LCDCTRL.ASM   6-12-2010  23:04:41         PAGE 13


SYMBOL TABLE
  LABEL                             VALUE 

delayLoop                         00000000
exit                              00000058
lcdClear                          00000036
lcdDemo1                          0000009C
lcdInit                           00000000
lcdRxShift                        00000040
lcdWrite                          00000081
nextChar                          00000098
point2Char                        00000001
printString                       00000090
return2home                       00000060
setXAddress                       0000006C
temp                              00000002
wait                              00000000
waitBF                            00000052
waitBusyFlag                      0000004A

Errors   :     0
Warnings :     0 reported,     0 suppressed
Messages :     0 reported,     3 suppressed

