MPLINK 4.35, Linker
Linker Map File - Created Sat Jun 12 22:47:41 2010

                                 Section Info
                  Section       Type    Address   Location Size(Bytes)
                ---------  ---------  ---------  ---------  ---------
                  STARTUP       code   0x000000    program   0x000006
                  INTVECT       code   0x000004    program   0x0000fc
                   .cinit    romdata   0x000082    program   0x000004
                     MAIN       code   0x000084    program   0x000404
                    .code       code   0x000286    program   0x000242
      .config_2007_MAIN.O       code   0x002007    program   0x000002
                     RAM0      udata   0x000020       data   0x000018
                   .udata      udata   0x000038       data   0x000011
                   G_DATA      udata   0x000049       data   0x000007
                   SHARED      udata   0x000070       data   0x000002



                              Program Memory Usage 
                               Start         End      
                           ---------   ---------      
                            0x000000    0x000002      
                            0x000004    0x0003a6      
                            0x002007    0x002007      
            935 out of 8453 program addresses used, program memory utilization is 11%



                              Symbols - Sorted by Name
                     Name    Address   Location    Storage File                     
                ---------  ---------  ---------  --------- ---------                
              _.code_000C   0x000292    program     static C:\Users\blackbliss\Desktop\12.06.2010\commons.asm
              _.code_000D   0x000293    program     static C:\Users\blackbliss\Desktop\12.06.2010\commons.asm
               _MAIN_004A   0x0000ce    program     static C:\Users\blackbliss\Desktop\12.06.2010\main.asm
               _MAIN_0062   0x0000e6    program     static C:\Users\blackbliss\Desktop\12.06.2010\main.asm
               _MAIN_0067   0x0000eb    program     static C:\Users\blackbliss\Desktop\12.06.2010\main.asm
               _MAIN_0078   0x0000fc    program     static C:\Users\blackbliss\Desktop\12.06.2010\main.asm
               _MAIN_00B9   0x00013d    program     static C:\Users\blackbliss\Desktop\12.06.2010\main.asm
               _MAIN_00C5   0x000149    program     static C:\Users\blackbliss\Desktop\12.06.2010\main.asm
               _MAIN_00C9   0x00014d    program     static C:\Users\blackbliss\Desktop\12.06.2010\main.asm
               _MAIN_00CF   0x000153    program     static C:\Users\blackbliss\Desktop\12.06.2010\main.asm
               _MAIN_00E7   0x00016b    program     static C:\Users\blackbliss\Desktop\12.06.2010\main.asm
               _MAIN_00EB   0x00016f    program     static C:\Users\blackbliss\Desktop\12.06.2010\main.asm
               _MAIN_0102   0x000186    program     static C:\Users\blackbliss\Desktop\12.06.2010\main.asm
               _MAIN_0107   0x00018b    program     static C:\Users\blackbliss\Desktop\12.06.2010\main.asm
               _MAIN_010D   0x000191    program     static C:\Users\blackbliss\Desktop\12.06.2010\main.asm
                     add7   0x0002b0    program     static C:\Users\blackbliss\Desktop\12.06.2010\commons.asm
                addizione   0x0002d7    program     static C:\Users\blackbliss\Desktop\12.06.2010\commons.asm
               adjNibbles   0x00023d    program     static C:\Users\blackbliss\Desktop\12.06.2010\main.asm
                  bin2bcd   0x000233    program     static C:\Users\blackbliss\Desktop\12.06.2010\main.asm
             checkButton2   0x0001e7    program     static C:\Users\blackbliss\Desktop\12.06.2010\main.asm
               clockCycle   0x0003a3    program     static C:\Users\blackbliss\Desktop\12.06.2010\lcdctrl.asm
                 convInit   0x000228    program     static C:\Users\blackbliss\Desktop\12.06.2010\main.asm
             convert_temp   0x00010e    program     static C:\Users\blackbliss\Desktop\12.06.2010\main.asm
                      daa   0x000271    program     static C:\Users\blackbliss\Desktop\12.06.2010\main.asm
                    delay   0x000291    program     static C:\Users\blackbliss\Desktop\12.06.2010\commons.asm
                delayLoop   0x00028a    program     extern C:\Users\blackbliss\Desktop\12.06.2010\commons.asm
                     exit   0x00033d    program     static C:\Users\blackbliss\Desktop\12.06.2010\lcdctrl.asm
                  getTemp   0x0000f7    program     static C:\Users\blackbliss\Desktop\12.06.2010\main.asm
                hex2ascii   0x000297    program     extern C:\Users\blackbliss\Desktop\12.06.2010\commons.asm
                 hundreds   0x000123    program     static C:\Users\blackbliss\Desktop\12.06.2010\main.asm
                  i2cIdle   0x000188    program     static C:\Users\blackbliss\Desktop\12.06.2010\main.asm
                 indietro   0x000012    program     static C:\Users\blackbliss\Desktop\12.06.2010\main.asm
                 lcdClear   0x00031b    program     extern C:\Users\blackbliss\Desktop\12.06.2010\lcdctrl.asm
                 lcdDemo1   0x000380    program     static C:\Users\blackbliss\Desktop\12.06.2010\lcdctrl.asm
                  lcdInit   0x0002e5    program     extern C:\Users\blackbliss\Desktop\12.06.2010\lcdctrl.asm
               lcdRxShift   0x000325    program     extern C:\Users\blackbliss\Desktop\12.06.2010\lcdctrl.asm
                 lcdWrite   0x000366    program     extern C:\Users\blackbliss\Desktop\12.06.2010\lcdctrl.asm
                leftShift   0x000266    program     static C:\Users\blackbliss\Desktop\12.06.2010\main.asm
                     loop   0x0002cb    program     static C:\Users\blackbliss\Desktop\12.06.2010\commons.asm
                   lshift   0x000239    program     static C:\Users\blackbliss\Desktop\12.06.2010\main.asm
                 mainLoop   0x0000b0    program     static C:\Users\blackbliss\Desktop\12.06.2010\main.asm
                     menu   0x0000a2    program     static C:\Users\blackbliss\Desktop\12.06.2010\main.asm
                 mul13x10   0x0002b4    program     extern C:\Users\blackbliss\Desktop\12.06.2010\commons.asm
                 nextChar   0x00037d    program     static C:\Users\blackbliss\Desktop\12.06.2010\lcdctrl.asm
              printString   0x000375    program     extern C:\Users\blackbliss\Desktop\12.06.2010\lcdctrl.asm
                 readByte   0x000140    program     static C:\Users\blackbliss\Desktop\12.06.2010\main.asm
              return2home   0x000345    program     extern C:\Users\blackbliss\Desktop\12.06.2010\lcdctrl.asm
                 rounding   0x0001ee    program     static C:\Users\blackbliss\Desktop\12.06.2010\main.asm
                 setCarry   0x000283    program     static C:\Users\blackbliss\Desktop\12.06.2010\main.asm
              setXAddress   0x000351    program     extern C:\Users\blackbliss\Desktop\12.06.2010\lcdctrl.asm
               skipShifts   0x000019    program     static C:\Users\blackbliss\Desktop\12.06.2010\main.asm
                    start   0x000084    program     static C:\Users\blackbliss\Desktop\12.06.2010\main.asm
             sw2voltmeter   0x00026f    program     static C:\Users\blackbliss\Desktop\12.06.2010\main.asm
                 tc74Init   0x000155    program     static C:\Users\blackbliss\Desktop\12.06.2010\main.asm
              tc74StandBy   0x000167    program     static C:\Users\blackbliss\Desktop\12.06.2010\main.asm
                tcStandBy   0x00016d    program     static C:\Users\blackbliss\Desktop\12.06.2010\main.asm
             tensAndUnits   0x00012e    program     static C:\Users\blackbliss\Desktop\12.06.2010\main.asm
                    text1   0x000024    program     static C:\Users\blackbliss\Desktop\12.06.2010\main.asm
                    text2   0x00002f    program     static C:\Users\blackbliss\Desktop\12.06.2010\main.asm
                    text6   0x00003d    program     static C:\Users\blackbliss\Desktop\12.06.2010\main.asm
                textMenu1   0x000071    program     static C:\Users\blackbliss\Desktop\12.06.2010\main.asm
                textMenu2   0x000080    program     static C:\Users\blackbliss\Desktop\12.06.2010\main.asm
              thermometer   0x0000bf    program     static C:\Users\blackbliss\Desktop\12.06.2010\main.asm
            twoComplement   0x000136    program     static C:\Users\blackbliss\Desktop\12.06.2010\main.asm
                voltmeter   0x000193    program     static C:\Users\blackbliss\Desktop\12.06.2010\main.asm
            voltmeterInit   0x000198    program     static C:\Users\blackbliss\Desktop\12.06.2010\main.asm
                     wait   0x000286    program     extern C:\Users\blackbliss\Desktop\12.06.2010\commons.asm
                  waitAck   0x000139    program     static C:\Users\blackbliss\Desktop\12.06.2010\main.asm
                   waitBF   0x000337    program     static C:\Users\blackbliss\Desktop\12.06.2010\lcdctrl.asm
             waitBusyFlag   0x00032f    program     extern C:\Users\blackbliss\Desktop\12.06.2010\lcdctrl.asm
                  waitEOC   0x0001a4    program     static C:\Users\blackbliss\Desktop\12.06.2010\main.asm
                SW_STATUS   0x00004f       data     static C:\Users\blackbliss\Desktop\12.06.2010\main.asm
                  adjflag   0x000034       data     static C:\Users\blackbliss\Desktop\12.06.2010\main.asm
                 binvalue   0x000024       data     static C:\Users\blackbliss\Desktop\12.06.2010\main.asm
                     char   0x000046       data     static C:\Users\blackbliss\Desktop\12.06.2010\lcdctrl.asm
                     char   0x000021       data     static C:\Users\blackbliss\Desktop\12.06.2010\main.asm
                 cmd_byte   0x00002e       data     static C:\Users\blackbliss\Desktop\12.06.2010\main.asm
                contatore   0x000043       data     static C:\Users\blackbliss\Desktop\12.06.2010\commons.asm
                    count   0x000038       data     static C:\Users\blackbliss\Desktop\12.06.2010\commons.asm
                    count   0x000020       data     static C:\Users\blackbliss\Desktop\12.06.2010\main.asm
                   count1   0x000049       data     static C:\Users\blackbliss\Desktop\12.06.2010\main.asm
                     flag   0x000049       data     static C:\Users\blackbliss\Desktop\12.06.2010\main.asm
                   hdrthd   0x000028       data     static C:\Users\blackbliss\Desktop\12.06.2010\main.asm
                  milions   0x00002a       data     static C:\Users\blackbliss\Desktop\12.06.2010\main.asm
                     mode   0x00002f       data     static C:\Users\blackbliss\Desktop\12.06.2010\main.asm
                      mol   0x000044       data     static C:\Users\blackbliss\Desktop\12.06.2010\commons.asm
                     num1   0x000030       data     static C:\Users\blackbliss\Desktop\12.06.2010\main.asm
                     num2   0x000032       data     static C:\Users\blackbliss\Desktop\12.06.2010\main.asm
                   number   0x000037       data     static C:\Users\blackbliss\Desktop\12.06.2010\main.asm
               point2Char   0x000022       data     static C:\Users\blackbliss\Desktop\12.06.2010\main.asm
               point2Char   0x000047       data     static C:\Users\blackbliss\Desktop\12.06.2010\lcdctrl.asm
                  resconv   0x00003a       data     static C:\Users\blackbliss\Desktop\12.06.2010\commons.asm
                  resconv   0x00004d       data     static C:\Users\blackbliss\Desktop\12.06.2010\main.asm
              risultato24   0x00003d       data     static C:\Users\blackbliss\Desktop\12.06.2010\commons.asm
                stat_temp   0x000071       data     static C:\Users\blackbliss\Desktop\12.06.2010\main.asm
                      sum   0x000035       data     static C:\Users\blackbliss\Desktop\12.06.2010\main.asm
                     temp   0x000048       data     static C:\Users\blackbliss\Desktop\12.06.2010\lcdctrl.asm
                     temp   0x00002b       data     static C:\Users\blackbliss\Desktop\12.06.2010\main.asm
                     temp   0x00003c       data     static C:\Users\blackbliss\Desktop\12.06.2010\commons.asm
                   temp24   0x000040       data     static C:\Users\blackbliss\Desktop\12.06.2010\commons.asm
                    temp3   0x000023       data     static C:\Users\blackbliss\Desktop\12.06.2010\main.asm
          tensOfThousands   0x000029       data     static C:\Users\blackbliss\Desktop\12.06.2010\main.asm
                   untten   0x000027       data     static C:\Users\blackbliss\Desktop\12.06.2010\main.asm
                      var   0x00004a       data     static C:\Users\blackbliss\Desktop\12.06.2010\main.asm
                      var   0x000039       data     static C:\Users\blackbliss\Desktop\12.06.2010\commons.asm
                     var2   0x00004b       data     static C:\Users\blackbliss\Desktop\12.06.2010\main.asm
                   w_temp   0x000070       data     static C:\Users\blackbliss\Desktop\12.06.2010\main.asm



                              Symbols - Sorted by Address
                     Name    Address   Location    Storage File                     
                ---------  ---------  ---------  --------- ---------                
                 indietro   0x000012    program     static C:\Users\blackbliss\Desktop\12.06.2010\main.asm
               skipShifts   0x000019    program     static C:\Users\blackbliss\Desktop\12.06.2010\main.asm
                    text1   0x000024    program     static C:\Users\blackbliss\Desktop\12.06.2010\main.asm
                    text2   0x00002f    program     static C:\Users\blackbliss\Desktop\12.06.2010\main.asm
                    text6   0x00003d    program     static C:\Users\blackbliss\Desktop\12.06.2010\main.asm
                textMenu1   0x000071    program     static C:\Users\blackbliss\Desktop\12.06.2010\main.asm
                textMenu2   0x000080    program     static C:\Users\blackbliss\Desktop\12.06.2010\main.asm
                    start   0x000084    program     static C:\Users\blackbliss\Desktop\12.06.2010\main.asm
                     menu   0x0000a2    program     static C:\Users\blackbliss\Desktop\12.06.2010\main.asm
                 mainLoop   0x0000b0    program     static C:\Users\blackbliss\Desktop\12.06.2010\main.asm
              thermometer   0x0000bf    program     static C:\Users\blackbliss\Desktop\12.06.2010\main.asm
               _MAIN_004A   0x0000ce    program     static C:\Users\blackbliss\Desktop\12.06.2010\main.asm
               _MAIN_0062   0x0000e6    program     static C:\Users\blackbliss\Desktop\12.06.2010\main.asm
               _MAIN_0067   0x0000eb    program     static C:\Users\blackbliss\Desktop\12.06.2010\main.asm
                  getTemp   0x0000f7    program     static C:\Users\blackbliss\Desktop\12.06.2010\main.asm
               _MAIN_0078   0x0000fc    program     static C:\Users\blackbliss\Desktop\12.06.2010\main.asm
             convert_temp   0x00010e    program     static C:\Users\blackbliss\Desktop\12.06.2010\main.asm
                 hundreds   0x000123    program     static C:\Users\blackbliss\Desktop\12.06.2010\main.asm
             tensAndUnits   0x00012e    program     static C:\Users\blackbliss\Desktop\12.06.2010\main.asm
            twoComplement   0x000136    program     static C:\Users\blackbliss\Desktop\12.06.2010\main.asm
                  waitAck   0x000139    program     static C:\Users\blackbliss\Desktop\12.06.2010\main.asm
               _MAIN_00B9   0x00013d    program     static C:\Users\blackbliss\Desktop\12.06.2010\main.asm
                 readByte   0x000140    program     static C:\Users\blackbliss\Desktop\12.06.2010\main.asm
               _MAIN_00C5   0x000149    program     static C:\Users\blackbliss\Desktop\12.06.2010\main.asm
               _MAIN_00C9   0x00014d    program     static C:\Users\blackbliss\Desktop\12.06.2010\main.asm
               _MAIN_00CF   0x000153    program     static C:\Users\blackbliss\Desktop\12.06.2010\main.asm
                 tc74Init   0x000155    program     static C:\Users\blackbliss\Desktop\12.06.2010\main.asm
              tc74StandBy   0x000167    program     static C:\Users\blackbliss\Desktop\12.06.2010\main.asm
               _MAIN_00E7   0x00016b    program     static C:\Users\blackbliss\Desktop\12.06.2010\main.asm
                tcStandBy   0x00016d    program     static C:\Users\blackbliss\Desktop\12.06.2010\main.asm
               _MAIN_00EB   0x00016f    program     static C:\Users\blackbliss\Desktop\12.06.2010\main.asm
               _MAIN_0102   0x000186    program     static C:\Users\blackbliss\Desktop\12.06.2010\main.asm
                  i2cIdle   0x000188    program     static C:\Users\blackbliss\Desktop\12.06.2010\main.asm
               _MAIN_0107   0x00018b    program     static C:\Users\blackbliss\Desktop\12.06.2010\main.asm
               _MAIN_010D   0x000191    program     static C:\Users\blackbliss\Desktop\12.06.2010\main.asm
                voltmeter   0x000193    program     static C:\Users\blackbliss\Desktop\12.06.2010\main.asm
            voltmeterInit   0x000198    program     static C:\Users\blackbliss\Desktop\12.06.2010\main.asm
                  waitEOC   0x0001a4    program     static C:\Users\blackbliss\Desktop\12.06.2010\main.asm
             checkButton2   0x0001e7    program     static C:\Users\blackbliss\Desktop\12.06.2010\main.asm
                 rounding   0x0001ee    program     static C:\Users\blackbliss\Desktop\12.06.2010\main.asm
                 convInit   0x000228    program     static C:\Users\blackbliss\Desktop\12.06.2010\main.asm
                  bin2bcd   0x000233    program     static C:\Users\blackbliss\Desktop\12.06.2010\main.asm
                   lshift   0x000239    program     static C:\Users\blackbliss\Desktop\12.06.2010\main.asm
               adjNibbles   0x00023d    program     static C:\Users\blackbliss\Desktop\12.06.2010\main.asm
                leftShift   0x000266    program     static C:\Users\blackbliss\Desktop\12.06.2010\main.asm
             sw2voltmeter   0x00026f    program     static C:\Users\blackbliss\Desktop\12.06.2010\main.asm
                      daa   0x000271    program     static C:\Users\blackbliss\Desktop\12.06.2010\main.asm
                 setCarry   0x000283    program     static C:\Users\blackbliss\Desktop\12.06.2010\main.asm
                     wait   0x000286    program     extern C:\Users\blackbliss\Desktop\12.06.2010\commons.asm
                delayLoop   0x00028a    program     extern C:\Users\blackbliss\Desktop\12.06.2010\commons.asm
                    delay   0x000291    program     static C:\Users\blackbliss\Desktop\12.06.2010\commons.asm
              _.code_000C   0x000292    program     static C:\Users\blackbliss\Desktop\12.06.2010\commons.asm
              _.code_000D   0x000293    program     static C:\Users\blackbliss\Desktop\12.06.2010\commons.asm
                hex2ascii   0x000297    program     extern C:\Users\blackbliss\Desktop\12.06.2010\commons.asm
                     add7   0x0002b0    program     static C:\Users\blackbliss\Desktop\12.06.2010\commons.asm
                 mul13x10   0x0002b4    program     extern C:\Users\blackbliss\Desktop\12.06.2010\commons.asm
                     loop   0x0002cb    program     static C:\Users\blackbliss\Desktop\12.06.2010\commons.asm
                addizione   0x0002d7    program     static C:\Users\blackbliss\Desktop\12.06.2010\commons.asm
                  lcdInit   0x0002e5    program     extern C:\Users\blackbliss\Desktop\12.06.2010\lcdctrl.asm
                 lcdClear   0x00031b    program     extern C:\Users\blackbliss\Desktop\12.06.2010\lcdctrl.asm
               lcdRxShift   0x000325    program     extern C:\Users\blackbliss\Desktop\12.06.2010\lcdctrl.asm
             waitBusyFlag   0x00032f    program     extern C:\Users\blackbliss\Desktop\12.06.2010\lcdctrl.asm
                   waitBF   0x000337    program     static C:\Users\blackbliss\Desktop\12.06.2010\lcdctrl.asm
                     exit   0x00033d    program     static C:\Users\blackbliss\Desktop\12.06.2010\lcdctrl.asm
              return2home   0x000345    program     extern C:\Users\blackbliss\Desktop\12.06.2010\lcdctrl.asm
              setXAddress   0x000351    program     extern C:\Users\blackbliss\Desktop\12.06.2010\lcdctrl.asm
                 lcdWrite   0x000366    program     extern C:\Users\blackbliss\Desktop\12.06.2010\lcdctrl.asm
              printString   0x000375    program     extern C:\Users\blackbliss\Desktop\12.06.2010\lcdctrl.asm
                 nextChar   0x00037d    program     static C:\Users\blackbliss\Desktop\12.06.2010\lcdctrl.asm
                 lcdDemo1   0x000380    program     static C:\Users\blackbliss\Desktop\12.06.2010\lcdctrl.asm
               clockCycle   0x0003a3    program     static C:\Users\blackbliss\Desktop\12.06.2010\lcdctrl.asm
                    count   0x000020       data     static C:\Users\blackbliss\Desktop\12.06.2010\main.asm
                     char   0x000021       data     static C:\Users\blackbliss\Desktop\12.06.2010\main.asm
               point2Char   0x000022       data     static C:\Users\blackbliss\Desktop\12.06.2010\main.asm
                    temp3   0x000023       data     static C:\Users\blackbliss\Desktop\12.06.2010\main.asm
                 binvalue   0x000024       data     static C:\Users\blackbliss\Desktop\12.06.2010\main.asm
                   untten   0x000027       data     static C:\Users\blackbliss\Desktop\12.06.2010\main.asm
                   hdrthd   0x000028       data     static C:\Users\blackbliss\Desktop\12.06.2010\main.asm
          tensOfThousands   0x000029       data     static C:\Users\blackbliss\Desktop\12.06.2010\main.asm
                  milions   0x00002a       data     static C:\Users\blackbliss\Desktop\12.06.2010\main.asm
                     temp   0x00002b       data     static C:\Users\blackbliss\Desktop\12.06.2010\main.asm
                 cmd_byte   0x00002e       data     static C:\Users\blackbliss\Desktop\12.06.2010\main.asm
                     mode   0x00002f       data     static C:\Users\blackbliss\Desktop\12.06.2010\main.asm
                     num1   0x000030       data     static C:\Users\blackbliss\Desktop\12.06.2010\main.asm
                     num2   0x000032       data     static C:\Users\blackbliss\Desktop\12.06.2010\main.asm
                  adjflag   0x000034       data     static C:\Users\blackbliss\Desktop\12.06.2010\main.asm
                      sum   0x000035       data     static C:\Users\blackbliss\Desktop\12.06.2010\main.asm
                   number   0x000037       data     static C:\Users\blackbliss\Desktop\12.06.2010\main.asm
                    count   0x000038       data     static C:\Users\blackbliss\Desktop\12.06.2010\commons.asm
                      var   0x000039       data     static C:\Users\blackbliss\Desktop\12.06.2010\commons.asm
                  resconv   0x00003a       data     static C:\Users\blackbliss\Desktop\12.06.2010\commons.asm
                     temp   0x00003c       data     static C:\Users\blackbliss\Desktop\12.06.2010\commons.asm
              risultato24   0x00003d       data     static C:\Users\blackbliss\Desktop\12.06.2010\commons.asm
                   temp24   0x000040       data     static C:\Users\blackbliss\Desktop\12.06.2010\commons.asm
                contatore   0x000043       data     static C:\Users\blackbliss\Desktop\12.06.2010\commons.asm
                      mol   0x000044       data     static C:\Users\blackbliss\Desktop\12.06.2010\commons.asm
                     char   0x000046       data     static C:\Users\blackbliss\Desktop\12.06.2010\lcdctrl.asm
               point2Char   0x000047       data     static C:\Users\blackbliss\Desktop\12.06.2010\lcdctrl.asm
                     temp   0x000048       data     static C:\Users\blackbliss\Desktop\12.06.2010\lcdctrl.asm
                   count1   0x000049       data     static C:\Users\blackbliss\Desktop\12.06.2010\main.asm
                     flag   0x000049       data     static C:\Users\blackbliss\Desktop\12.06.2010\main.asm
                      var   0x00004a       data     static C:\Users\blackbliss\Desktop\12.06.2010\main.asm
                     var2   0x00004b       data     static C:\Users\blackbliss\Desktop\12.06.2010\main.asm
                  resconv   0x00004d       data     static C:\Users\blackbliss\Desktop\12.06.2010\main.asm
                SW_STATUS   0x00004f       data     static C:\Users\blackbliss\Desktop\12.06.2010\main.asm
                   w_temp   0x000070       data     static C:\Users\blackbliss\Desktop\12.06.2010\main.asm
                stat_temp   0x000071       data     static C:\Users\blackbliss\Desktop\12.06.2010\main.asm


